  Determining projects to restore...
  All projects are up-to-date for restore.
C:\Program Files\dotnet\sdk\10.0.100\Sdks\Microsoft.NET.Sdk\targets\Microsoft.NET.EolTargetFrameworks.targets(38,5): error NETSDK1202: The workload 'net8.0-android' is out of support and will not receive security updates in the future. Please refer to https://aka.ms/maui-support-policy for more information about the support policy. [C:\ProjetAntigravity\SingleTaskRound2\src\SingleTask\SingleTask.csproj::TargetFramework=net8.0-android]
C:\Program Files\dotnet\sdk\10.0.100\Sdks\Microsoft.NET.Sdk\targets\Microsoft.PackageDependencyResolution.targets(266,5): error NETSDK1005: Assets file 'C:\ProjetAntigravity\SingleTaskRound2\src\SingleTask\obj\project.assets.json' doesn't have a target for 'net8.0-android'. Ensure that restore has run and that you have included 'net8.0-android' in the TargetFrameworks for your project. [C:\ProjetAntigravity\SingleTaskRound2\src\SingleTask\SingleTask.csproj::TargetFramework=net8.0-android]

Build FAILED.

C:\Program Files\dotnet\sdk\10.0.100\Sdks\Microsoft.NET.Sdk\targets\Microsoft.NET.EolTargetFrameworks.targets(38,5): error NETSDK1202: The workload 'net8.0-android' is out of support and will not receive security updates in the future. Please refer to https://aka.ms/maui-support-policy for more information about the support policy. [C:\ProjetAntigravity\SingleTaskRound2\src\SingleTask\SingleTask.csproj::TargetFramework=net8.0-android]
C:\Program Files\dotnet\sdk\10.0.100\Sdks\Microsoft.NET.Sdk\targets\Microsoft.PackageDependencyResolution.targets(266,5): error NETSDK1005: Assets file 'C:\ProjetAntigravity\SingleTaskRound2\src\SingleTask\obj\project.assets.json' doesn't have a target for 'net8.0-android'. Ensure that restore has run and that you have included 'net8.0-android' in the TargetFrameworks for your project. [C:\ProjetAntigravity\SingleTaskRound2\src\SingleTask\SingleTask.csproj::TargetFramework=net8.0-android]
    0 Warning(s)
    2 Error(s)

Time Elapsed 00:00:00.34
